select llm_embed('hello world', 'hazo');
             llm_embed             
-----------------------------------
 {5,5,0,0,0,0,0,0,0,0,0,0,0,0,0,0}
(1 row)

