SELECT (jsonb_extract_path_text(llm_generate('3 neat characteristics of a pelican', 'llamafile')::jsonb, 'choices', '0',
                                'message', 'content') LIKE '1. Pelican%');
 ?column? 
----------
 t
(1 row)

